
--- Eurocode 2 PMM Solver Validation ---
Found 150 points for Theta=90
Pt 0: P=-2093.6 kN, Mx=-36.3 kNm, My=0.0 kNm
Pt 1: P=-2092.8 kN, Mx=-36.6 kNm, My=0.0 kNm
Pt 2: P=-2092.0 kN, Mx=-36.9 kNm, My=0.0 kNm
Pt 3: P=-2091.2 kN, Mx=-37.2 kNm, My=0.0 kNm
Pt 4: P=-2090.5 kN, Mx=-37.5 kNm, My=0.0 kNm
Ref P (kN) | Ref M (kNm) | Calc M (kNm) | Error % | Status
----------------------------------------------------------------------
       0.0 |        753.5 |        784.0 |       4.05% | PASS
    1047.7 |       1018.9 |       1049.4 |       2.99% | PASS
    2095.4 |       1190.8 |       1225.5 |       2.91% | PASS
    3143.1 |       1277.7 |       1307.5 |       2.33% | PASS
    4190.9 |       1244.6 |       1280.5 |       2.89% | PASS
    5238.6 |       1137.0 |       1160.4 |       2.05% | PASS
    6286.3 |        990.5 |       1040.2 |       5.02% | FAIL
    7334.0 |        780.2 |        794.6 |       1.84% | PASS
    8381.7 |        518.2 |        533.0 |       2.85% | PASS
    9429.4 |        244.9 |        271.4 |      10.81% | FAIL

Overall Result: FAIL (Some points exceed 5% tolerance)
PASS Eurocode PMM Validation
PASS mm to inch
PASS inch to mm
PASS kN to kip
PASS kip to kN
PASS MPa to ksi
PASS ksi to MPa
PASS kN-m to N-mm
PASS kip-ft to N-mm
PASS Singapore bars
PASS Invalid Singapore bar
PASS US bars
PASS Input validation
PASS Pure axial compression
PASS Pure axial tension
PASS Strong axis bending
PASS Weak axis bending
PASS Symmetric biaxial bending
PASS PMM ratio inside
PASS PMM ratio outside
PASS Invalid geometry
PASS Invalid rebar placement
PASS PM control ordering
PASS MM control ordering
PASS No NaN in control points
